// Jest Snapshot v1, https://goo.gl/fbAQLP

exports[`illegal call location in test breaks 1`] = `"givens: cannot call given from test or lifecycle method"`;

exports[`with recursive given variables blows up: recursive variables error 1`] = `
"givens: recursive variable recursive1 detected
trace: recursive1 => recursive2 => recursive1"
`;
